#! /c/Source/iverilog-install/bin/vvp
:ivl_version "12.0 (devel)" "(s20150603-1539-g2693dd32b)";
:ivl_delay_selection "TYPICAL";
:vpi_time_precision + 0;
:vpi_module "D:\iverilog\lib\ivl\system.vpi";
:vpi_module "D:\iverilog\lib\ivl\vhdl_sys.vpi";
:vpi_module "D:\iverilog\lib\ivl\vhdl_textio.vpi";
:vpi_module "D:\iverilog\lib\ivl\v2005_math.vpi";
:vpi_module "D:\iverilog\lib\ivl\va_math.vpi";
S_000001b71be1bc90 .scope module, "traffic_light_fsm" "traffic_light_fsm" 2 3;
 .timescale 0 0;
    .port_info 0 /INPUT 1 "timer_done";
    .port_info 1 /INPUT 1 "rst_n";
    .port_info 2 /INPUT 1 "clk";
    .port_info 3 /OUTPUT 3 "light";
P_000001b71be1be20 .param/l "GREEN" 1 2 9, C4<01>;
P_000001b71be1be58 .param/l "RED" 1 2 8, C4<00>;
P_000001b71be1be90 .param/l "YELLOW" 1 2 10, C4<10>;
o000001b71bd56fd8 .functor BUFZ 1, C4<z>; HiZ drive
v000001b71bd22720_0 .net "clk", 0 0, o000001b71bd56fd8;  0 drivers
v000001b71bd9b840_0 .var "light", 2 0;
v000001b71bd9b8e0_0 .var "next_state", 1 0;
o000001b71bd57068 .functor BUFZ 1, C4<z>; HiZ drive
v000001b71bd9b980_0 .net "rst_n", 0 0, o000001b71bd57068;  0 drivers
v000001b71bd9ba20_0 .var "state", 1 0;
o000001b71bd570c8 .functor BUFZ 1, C4<z>; HiZ drive
v000001b71bd9bac0_0 .net "timer_done", 0 0, o000001b71bd570c8;  0 drivers
E_000001b71bd56830/0 .event negedge, v000001b71bd9b980_0;
E_000001b71bd56830/1 .event posedge, v000001b71bd22720_0;
E_000001b71bd56830 .event/or E_000001b71bd56830/0, E_000001b71bd56830/1;
E_000001b71bd568f0 .event anyedge, v000001b71bd9ba20_0, v000001b71bd9bac0_0;
    .scope S_000001b71be1bc90;
T_0 ;
    %wait E_000001b71bd568f0;
    %load/vec4 v000001b71bd9ba20_0;
    %store/vec4 v000001b71bd9b8e0_0, 0, 2;
    %pushi/vec4 0, 0, 3;
    %store/vec4 v000001b71bd9b840_0, 0, 3;
    %load/vec4 v000001b71bd9ba20_0;
    %dup/vec4;
    %pushi/vec4 0, 0, 2;
    %cmp/u;
    %jmp/1 T_0.0, 6;
    %dup/vec4;
    %pushi/vec4 1, 0, 2;
    %cmp/u;
    %jmp/1 T_0.1, 6;
    %dup/vec4;
    %pushi/vec4 2, 0, 2;
    %cmp/u;
    %jmp/1 T_0.2, 6;
    %jmp T_0.3;
T_0.0 ;
    %pushi/vec4 4, 0, 3;
    %store/vec4 v000001b71bd9b840_0, 0, 3;
    %load/vec4 v000001b71bd9bac0_0;
    %flag_set/vec4 8;
    %jmp/0xz  T_0.4, 8;
    %pushi/vec4 1, 0, 2;
    %store/vec4 v000001b71bd9b8e0_0, 0, 2;
T_0.4 ;
    %jmp T_0.3;
T_0.1 ;
    %pushi/vec4 2, 0, 3;
    %store/vec4 v000001b71bd9b840_0, 0, 3;
    %load/vec4 v000001b71bd9bac0_0;
    %flag_set/vec4 8;
    %jmp/0xz  T_0.6, 8;
    %pushi/vec4 2, 0, 2;
    %store/vec4 v000001b71bd9b8e0_0, 0, 2;
T_0.6 ;
    %jmp T_0.3;
T_0.2 ;
    %pushi/vec4 1, 0, 3;
    %store/vec4 v000001b71bd9b840_0, 0, 3;
    %load/vec4 v000001b71bd9bac0_0;
    %flag_set/vec4 8;
    %jmp/0xz  T_0.8, 8;
    %pushi/vec4 0, 0, 2;
    %store/vec4 v000001b71bd9b8e0_0, 0, 2;
T_0.8 ;
    %jmp T_0.3;
T_0.3 ;
    %pop/vec4 1;
    %jmp T_0;
    .thread T_0, $push;
    .scope S_000001b71be1bc90;
T_1 ;
    %wait E_000001b71bd56830;
    %load/vec4 v000001b71bd9b980_0;
    %nor/r;
    %flag_set/vec4 8;
    %jmp/0xz  T_1.0, 8;
    %pushi/vec4 0, 0, 2;
    %assign/vec4 v000001b71bd9ba20_0, 0;
    %jmp T_1.1;
T_1.0 ;
    %load/vec4 v000001b71bd9b8e0_0;
    %assign/vec4 v000001b71bd9ba20_0, 0;
T_1.1 ;
    %jmp T_1;
    .thread T_1;
# The file index is used to find the file name in the following table.
:file_names 3;
    "N/A";
    "<interactive>";
    "finite-state-machines(fsm).v";
